// Jest Snapshot v1, https://goo.gl/fbAQLP

exports[`#typeDefs Should match the GraphQL schema 1`] = `
"type Post {
  id: UUID!
  userId: UUID!
  title: String!
  slug: String!
  body: String!
  readingTime: String!
  language: String!
  image: String!
  published: Boolean!
  createdAt: Datatime!
  updatedAt: Datatime!
  tags: [Tag!]
}

type Query {
  getPosts: [Post!]
  getUsers: [User!]
}

type Mutation {
  addPost(input: AddPostInput): Post!
  addUser(input: AddUserInput): User!
  login(input: LoginInput): AuthPayload!
}

input AddPostInput {
  userId: UUID!
  title: String!
  slug: String!
  body: String!
  tags: [TagsInput]
}

scalar UUID

scalar Datatime

type Tag {
  id: UUID!
  name: String!
}

input TagsInput {
  name: String!
}

type User {
  id: UUID!
  username: String!
  password: String!
  email: String!
  privilege: String!
  active: Boolean!
  createdAt: Datatime!
  updatedAt: Datatime!
  posts: [Post!]
}

input AddUserInput {
  username: String!
  password: String!
  email: String!
}

input LoginInput {
  email: String!
  password: String!
}

type AuthPayload {
  token: String!
}

schema {
  query: Query
  mutation: Mutation
}
"
`;
